sample	chromosome	start	end	count	state
MB-1	1	890962	247095424	140303	-0.309488
MB-1	2	60114	242381784	146608	0.114325
MB-1	3	41866	26506787	19089	0.113666
MB-1	3	26507577	26595923	87	0.494143
MB-2	3	26596561	64929919	24476	0.122134
MB-2	3	64929936	64932005	23	0.992168
MB-3	3	64932286	180365866	66743	0.151264
MB-3	3	180366352	180367291	23	0.982292
MB-3	3	180368613	180434337	123	0.112593
